<html>
<body>
<pre>
<h1>µVision Build Log</h1>
<h2>Tool Versions:</h2>
IDE-Version: ¦ÌVision V5.38.0.0
Copyright (C) 2022 ARM Ltd and ARM Germany GmbH. All rights reserved.
License Information: dell,  , LIC=SDA0P-MYC9D-Y8WFK-ZTXTT-7DGA8-ZHKF0
 
Tool Versions:
Toolchain:       MDK-ARM Plus  Version: 5.38.0.0
Toolchain Path:  D:\study STM32\keiil 5\install\ARM\ARMCC\Bin
C Compiler:      Armcc.exe V5.06 update 7 (build 960)
Assembler:       Armasm.exe V5.06 update 7 (build 960)
Linker/Locator:  ArmLink.exe V5.06 update 7 (build 960)
Library Manager: ArmAr.exe V5.06 update 7 (build 960)
Hex Converter:   FromElf.exe V5.06 update 7 (build 960)
CPU DLL:         SARMCM3.DLL V5.38.0.0
Dialog DLL:      DCM.DLL V1.17.5.0
Target DLL:      CMSIS_AGDI.dll V1.33.15.0
Dialog DLL:      TCM.DLL V1.56.4.0
 
<h2>Project:</h2>
D:\study STM32\my project and exe\study_stm32\Þô¼ü¿ØÖÆµÆ\key to led\Project\LED_standard lab.uvprojx
Project File Date:  12/07/2022

<h2>Output:</h2>
*** Using Compiler 'V5.06 update 7 (build 960)', folder: 'D:\study STM32\keiil 5\install\ARM\ARMCC\Bin'
Rebuild target 'Target 1'
assembling startup_stm32f10x_hd.s...
compiling core_cm3.c...
compiling stm32f10x_cec.c...
compiling stm32f10x_bkp.c...
compiling stm32f10x_crc.c...
compiling stm32f10x_dbgmcu.c...
compiling system_stm32f10x.c...
compiling misc.c...
compiling stm32f10x_dac.c...
compiling stm32f10x_dma.c...
compiling stm32f10x_can.c...
compiling stm32f10x_adc.c...
compiling stm32f10x_exti.c...
compiling stm32f10x_iwdg.c...
compiling stm32f10x_i2c.c...
compiling stm32f10x_gpio.c...
compiling stm32f10x_fsmc.c...
compiling stm32f10x_pwr.c...
compiling stm32f10x_flash.c...
compiling stm32f10x_spi.c...
compiling stm32f10x_rcc.c...
compiling stm32f10x_rtc.c...
compiling stm32f10x_sdio.c...
compiling stm32f10x_tim.c...
compiling main.c...
..\User\led.h(6): warning:  #1295-D: Deprecated declaration LED0_Init - give arg types
  void LED0_Init();
..\User\led.h(7): warning:  #1295-D: Deprecated declaration lED1_Init - give arg types
  void lED1_Init();
..\User\led.h(8): warning:  #1295-D: Deprecated declaration LED1_ON - give arg types
  void LED1_ON();
..\User\led.h(9): warning:  #1295-D: Deprecated declaration LED1_OFF - give arg types
  void LED1_OFF();
..\User\led.h(10): warning:  #1295-D: Deprecated declaration LED0_ON - give arg types
  void LED0_ON();
..\User\led.h(11): warning:  #1295-D: Deprecated declaration LED0_OFF - give arg types
  void LED0_OFF();
..\User\led.h(13): warning:  #1-D: last line of file ends without a newline
  #endif
..\User\key.h(6): warning:  #1295-D: Deprecated declaration key1_Init - give arg types
  void key1_Init();
..\User\key.h(7): warning:  #1295-D: Deprecated declaration key2_Init - give arg types
  void key2_Init();
..\User\key.h(10): warning:  #1-D: last line of file ends without a newline
  #endif
..\User\main.c: 10 warnings, 0 errors
compiling stm32f10x_wwdg.c...
compiling stm32f10x_usart.c...
compiling key.c...
..\User\key.h(6): warning:  #1295-D: Deprecated declaration key1_Init - give arg types
  void key1_Init();
..\User\key.h(7): warning:  #1295-D: Deprecated declaration key2_Init - give arg types
  void key2_Init();
..\User\key.h(10): warning:  #1-D: last line of file ends without a newline
  #endif
..\User\key.c: 3 warnings, 0 errors
compiling stm32f10x_it.c...
compiling led.c...
..\User\led.h(6): warning:  #1295-D: Deprecated declaration LED0_Init - give arg types
  void LED0_Init();
..\User\led.h(7): warning:  #1295-D: Deprecated declaration lED1_Init - give arg types
  void lED1_Init();
..\User\led.h(8): warning:  #1295-D: Deprecated declaration LED1_ON - give arg types
  void LED1_ON();
..\User\led.h(9): warning:  #1295-D: Deprecated declaration LED1_OFF - give arg types
  void LED1_OFF();
..\User\led.h(10): warning:  #1295-D: Deprecated declaration LED0_ON - give arg types
  void LED0_ON();
..\User\led.h(11): warning:  #1295-D: Deprecated declaration LED0_OFF - give arg types
  void LED0_OFF();
..\User\led.h(13): warning:  #1-D: last line of file ends without a newline
  #endif
..\User\led.c(48): warning:  #1-D: last line of file ends without a newline
  }
..\User\led.c: 8 warnings, 0 errors
linking...
Program Size: Code=924 RO-data=320 RW-data=0 ZI-data=1024  
".\Objects\LED_standard lab.axf" - 0 Error(s), 21 Warning(s).

<h2>Software Packages used:</h2>

Package Vendor: Keil
                http://www.keil.com/pack/Keil.STM32F1xx_DFP.2.4.0.pack
                Keil.STM32F1xx_DFP.2.4.0
                STMicroelectronics STM32F1 Series Device Support, Drivers and Examples

<h2>Collection of Component include folders:</h2>
  D:/study STM32/keiil 5/install/Keil/STM32F1xx_DFP/2.4.0/Device/Include

<h2>Collection of Component Files used:</h2>
Build Time Elapsed:  00:00:03
</pre>
</body>
</html>
