<html>
<body>
<pre>
<h1>�Vision Build Log</h1>
<h2>Tool Versions:</h2>
IDE-Version: ��Vision V5.38.0.0
Copyright (C) 2022 ARM Ltd and ARM Germany GmbH. All rights reserved.
License Information: dell,  , LIC=LSNXV-PZY2L-56MQ2-9DEGX-CCLLN-RAJAV
 
Tool Versions:
Toolchain:       MDK-ARM Plus  Version: 5.38.0.0
Toolchain Path:  D:\study STM32\keiil 5\install\ARM\ARMCLANG\Bin
C Compiler:      ArmClang.exe V6.19
Assembler:       Armasm.exe V6.19
Linker/Locator:  ArmLink.exe V6.19
Library Manager: ArmAr.exe V6.19
Hex Converter:   FromElf.exe V6.19
CPU DLL:         SARMCM3.DLL V5.38.0.0
Dialog DLL:      DCM.DLL V1.17.5.0
Target DLL:      UL2CM3.DLL V1.164.8.0
Dialog DLL:      TCM.DLL V1.56.4.0
 
<h2>Project:</h2>
D:\study STM32\MY projrct and exe\exe1_led_try1_2022.12.1\LED.uvprojx
Project File Date:  12/01/2022

<h2>Output:</h2>
*** Using Compiler 'V6.19', folder: 'D:\study STM32\keiil 5\install\ARM\ARMCLANG\Bin'
Build target 'Target 1'
main.c(1): warning: In file included from...
./stm32f10x.h(3): warning: // comments are not allowed in this language [-Wcomment]
//<D3><C3><C0><B4><B4><E6><B7>żĴ<E6><C6><F7>ӳ<C9><E4>//
^
./stm32f10x.h(3): warning: invalid UTF-8 in comment [-Winvalid-utf8]
//<D3><C3><C0><B4><B4><E6><B7>żĴ<E6><C6><F7>ӳ<C9><E4>//
  ^
./stm32f10x.h(3): warning: invalid UTF-8 in comment [-Winvalid-utf8]
//<D3><C3><C0><B4><B4><E6><B7>żĴ<E6><C6><F7>ӳ<C9><E4>//
                                ^
./stm32f10x.h(3): warning: invalid UTF-8 in comment [-Winvalid-utf8]
//<D3><C3><C0><B4><B4><E6><B7>żĴ<E6><C6><F7>ӳ<C9><E4>//
                                             ^
./stm32f10x.h(5): warning: invalid UTF-8 in comment [-Winvalid-utf8]
// <D3><C3><C0><B4><B4><E6><B7><C5>STM32<BC>Ĵ<E6><C6><F7>ӳ<C9><E4><B5>Ĵ<FA><C2><EB>
   ^
./stm32f10x.h(5): warning: invalid UTF-8 in comment [-Winvalid-utf8]
// <D3><C3><C0><B4><B4><E6><B7><C5>STM32<BC>Ĵ<E6><C6><F7>ӳ<C9><E4><B5>Ĵ<FA><C2><EB>
                                        ^
./stm32f10x.h(5): warning: invalid UTF-8 in comment [-Winvalid-utf8]
// <D3><C3><C0><B4><B4><E6><B7><C5>STM32<BC>Ĵ<E6><C6><F7>ӳ<C9><E4><B5>Ĵ<FA><C2><EB>
                                             ^
./stm32f10x.h(5): warning: invalid UTF-8 in comment [-Winvalid-utf8]
// <D3><C3><C0><B4><B4><E6><B7><C5>STM32<BC>Ĵ<E6><C6><F7>ӳ<C9><E4><B5>Ĵ<FA><C2><EB>
                                                          ^
./stm32f10x.h(5): warning: invalid UTF-8 in comment [-Winvalid-utf8]
// <D3><C3><C0><B4><B4><E6><B7><C5>STM32<BC>Ĵ<E6><C6><F7>ӳ<C9><E4><B5>Ĵ<FA><C2><EB>
                                                                       ^
./stm32f10x.h(7): warning: invalid UTF-8 in comment [-Winvalid-utf8]
// <CD><E2><C9><E8>  perirhral
   ^
./stm32f10x.h(61): warning: 'RCC_APB2ENR' macro redefined [-Wmacro-redefined]
#define RCC_APB2ENR *(unsigned int*)(RCC_BASE+0x18)
        ^
./stm32f10x.h(19): note: previous definition is here
#define  RCC_APB2ENR            *(unsigned int*)(RCC_BASE + 0x18)
         ^
./stm32f10x.h(64): warning: no newline at end of file [-Wnewline-eof]
#endif
      ^
main.c(2): warning: In file included from...
./stm32f10x_gpio.h(6): warning: invalid UTF-8 in comment [-Winvalid-utf8]
#define GPIO_Pin_0    ((uint16_t)0x0001)  /*!< ѡ<D4><F1>Pin0 */    //(00000000 00000001)b
                                                ^
./stm32f10x_gpio.h(6): warning: // comments are not allowed in this language [-Wcomment]
#define GPIO_Pin_0    ((uint16_t)0x0001)  /*!< ѡ<D4><F1>Pin0 */    //(00000000 00000001)b
                                                                   ^
./stm32f10x_gpio.h(7): warning: invalid UTF-8 in comment [-Winvalid-utf8]
#define GPIO_Pin_1    ((uint16_t)0x0002)  /*!< ѡ<D4><F1>Pin1 */    //(00000000 00000010)b
                                                ^
./stm32f10x_gpio.h(8): warning: invalid UTF-8 in comment [-Winvalid-utf8]
#define GPIO_Pin_2    ((uint16_t)0x0004)  /*!< ѡ<D4><F1>Pin2 */    //(00000000 00000100)b
                                                ^
./stm32f10x_gpio.h(9): warning: invalid UTF-8 in comment [-Winvalid-utf8]
#define GPIO_Pin_3    ((uint16_t)0x0008)  /*!< ѡ<D4><F1>Pin3 */    //(00000000 00001000)b
                                                ^
./stm32f10x_gpio.h(10): warning: invalid UTF-8 in comment [-Winvalid-utf8]
#define GPIO_Pin_4    ((uint16_t)0x0010)  /*!< ѡ<D4><F1>Pin4 */    //(00000000 00010000)b
                                                ^
./stm32f10x_gpio.h(11): warning: invalid UTF-8 in comment [-Winvalid-utf8]
#define GPIO_Pin_5    ((uint16_t)0x0020)  /*!< ѡ<D4><F1>Pin5 */    //(00000000 00100000)b
                                                ^
./stm32f10x_gpio.h(12): warning: invalid UTF-8 in comment [-Winvalid-utf8]
#define GPIO_Pin_6    ((uint16_t)0x0040)  /*!< ѡ<D4><F1>Pin6 */    //(00000000 01000000)b
                                                ^
./stm32f10x_gpio.h(13): warning: invalid UTF-8 in comment [-Winvalid-utf8]
#define GPIO_Pin_7    ((uint16_t)0x0080)  /*!< ѡ<D4><F1>Pin7 */    //(00000000 10000000)b
                                                ^
./stm32f10x_gpio.h(15): warning: invalid UTF-8 in comment [-Winvalid-utf8]
#define GPIO_Pin_8    ((uint16_t)0x0100)  /*!< ѡ<D4><F1>Pin8 */    //(00000001 00000000)b
                                                ^
./stm32f10x_gpio.h(16): warning: invalid UTF-8 in comment [-Winvalid-utf8]
#define GPIO_Pin_9    ((uint16_t)0x0200)  /*!< ѡ<D4><F1>Pin9 */    //(00000010 00000000)b
                                                ^
./stm32f10x_gpio.h(17): warning: invalid UTF-8 in comment [-Winvalid-utf8]
#define GPIO_Pin_10   ((uint16_t)0x0400)  /*!< ѡ<D4><F1>Pin10 */   //(00000100 00000000)b
                                                ^
./stm32f10x_gpio.h(18): warning: invalid UTF-8 in comment [-Winvalid-utf8]
#define GPIO_Pin_11   ((uint16_t)0x0800)  /*!< ѡ<D4><F1>Pin11 */   //(00001000 00000000)b
                                                ^
./stm32f10x_gpio.h(19): warning: invalid UTF-8 in comment [-Winvalid-utf8]
#define GPIO_Pin_12   ((uint16_t)0x1000)  /*!< ѡ<D4><F1>Pin12 */   //(00010000 00000000)b
                                                ^
./stm32f10x_gpio.h(20): warning: invalid UTF-8 in comment [-Winvalid-utf8]
#define GPIO_Pin_13   ((uint16_t)0x2000)  /*!< ѡ<D4><F1>Pin13 */   //(00100000 00000000)b
                                                ^
./stm32f10x_gpio.h(21): warning: invalid UTF-8 in comment [-Winvalid-utf8]
#define GPIO_Pin_14   ((uint16_t)0x4000)  /*!< ѡ<D4><F1>Pin14 */   //(01000000 00000000)b
                                                ^
./stm32f10x_gpio.h(22): warning: invalid UTF-8 in comment [-Winvalid-utf8]
#define GPIO_Pin_15   ((uint16_t)0x8000)  /*!< ѡ<D4><F1>Pin15 */   //(10000000 00000000)b
                                                ^
./stm32f10x_gpio.h(23): warning: invalid UTF-8 in comment [-Winvalid-utf8]
#define GPIO_Pin_All  ((uint16_t)0xFFFF)  /*!< ѡ<D4><F1>ȫ<B2><BF><D2><FD><BD><C5>*/ //(11111111 11111111)b
                                                ^
./stm32f10x_gpio.h(23): warning: invalid UTF-8 in comment [-Winvalid-utf8]
#define GPIO_Pin_All  ((uint16_t)0xFFFF)  /*!< ѡ<D4><F1>ȫ<B2><BF><D2><FD><BD><C5>*/ //(11111111 11111111)b
                                                         ^
./stm32f10x_gpio.h(33): warning: invalid UTF-8 in comment [-Winvalid-utf8]
{ GPIO_Mode_AIN = 0x0,           // ģ<C4><E2><CA><E4><C8><EB>     (0000 0000)b
                                     ^
./stm32f10x_gpio.h(34): warning: invalid UTF-8 in comment [-Winvalid-utf8]
  GPIO_Mode_IN_FLOATING = 0x04,  // <B8><A1><BF><D5><CA><E4><C8><EB>     (0000 0100)b
                                    ^
./stm32f10x_gpio.h(35): warning: invalid UTF-8 in comment [-Winvalid-utf8]
  GPIO_Mode_IPD = 0x28,          // <CF><C2><C0><AD><CA><E4><C8><EB>     (0010 1000)b
                                    ^
./stm32f10x_gpio.h(36): warning: invalid UTF-8 in comment [-Winvalid-utf8]
  GPIO_Mode_IPU = 0x48,          // <C9><CF><C0><AD><CA><E4><C8><EB>     (0100 1000)b
                                    ^
./stm32f10x_gpio.h(38): warning: invalid UTF-8 in comment [-Winvalid-utf8]
  GPIO_Mode_Out_OD = 0x14,       // <BF><AA>©<CA><E4><B3><F6>     (0001 0100)b
                                    ^
./stm32f10x_gpio.h(38): warning: invalid UTF-8 in comment [-Winvalid-utf8]
  GPIO_Mode_Out_OD = 0x14,       // <BF><AA>©<CA><E4><B3><F6>     (0001 0100)b
                                             ^
./stm32f10x_gpio.h(39): warning: invalid UTF-8 in comment [-Winvalid-utf8]
  GPIO_Mode_Out_PP = 0x10,       // <CD><C6><CD><EC><CA><E4><B3><F6>     (0001 0000)b
                                    ^
./stm32f10x_gpio.h(40): warning: invalid UTF-8 in comment [-Winvalid-utf8]
  GPIO_Mode_AF_OD = 0x1C,        // <B8><B4><D3>ÿ<AA>©<CA><E4><B3><F6> (0001 1100)b
                                    ^
./stm32f10x_gpio.h(40): warning: invalid UTF-8 in comment [-Winvalid-utf8]
  GPIO_Mode_AF_OD = 0x1C,        // <B8><B4><D3>ÿ<AA>©<CA><E4><B3><F6> (0001 1100)b
                                                 ^
./stm32f10x_gpio.h(40): warning: invalid UTF-8 in comment [-Winvalid-utf8]
  GPIO_Mode_AF_OD = 0x1C,        // <B8><B4><D3>ÿ<AA>©<CA><E4><B3><F6> (0001 1100)b
                                                      ^
./stm32f10x_gpio.h(41): warning: invalid UTF-8 in comment [-Winvalid-utf8]
  GPIO_Mode_AF_PP = 0x18         // <B8><B4><D3><C3><CD><C6><CD><EC><CA><E4><B3><F6> (0001 1000)b
                                    ^
./stm32f10x_gpio.h(55): warning: no newline at end of file [-Wnewline-eof]
#endif
      ^
main.c(8): warning: no previous prototype for function 'Delay' [-Wmissing-prototypes]
void Delay(uint32_t count)
     ^
main.c(8): note: declare 'static' if the function is not intended to be used outside of this translation unit
void Delay(uint32_t count)
^
static 
main.c(20): warning: // comments are not allowed in this language [-Wcomment]
        // <B4><F2><BF><AA> GPIOB <B6>˿ڵ<C4>ʱ<D6><D3>
        ^
main.c(20): warning: invalid UTF-8 in comment [-Winvalid-utf8]
        // <B4><F2><BF><AA> GPIOB <B6>˿ڵ<C4>ʱ<D6><D3>
           ^
main.c(20): warning: invalid UTF-8 in comment [-Winvalid-utf8]
        // <B4><F2><BF><AA> GPIOB <B6>˿ڵ<C4>ʱ<D6><D3>
                                  ^
main.c(20): warning: invalid UTF-8 in comment [-Winvalid-utf8]
        // <B4><F2><BF><AA> GPIOB <B6>˿ڵ<C4>ʱ<D6><D3>
                                        ^
main.c(20): warning: invalid UTF-8 in comment [-Winvalid-utf8]
        // <B4><F2><BF><AA> GPIOB <B6>˿ڵ<C4>ʱ<D6><D3>
                                             ^
main.c(42): warning: invalid UTF-8 in comment [-Winvalid-utf8]
        // <BA><AF><CA><FD><CC><E5>Ϊ<BF>գ<AC>Ŀ<B5><C4><CA><C7>Ϊ<C1><CB>ƭ<B9><FD><B1><E0><D2><EB><C6><F7><B2><BB><B1><A8><B4><ED>
           ^
main.c(42): warning: invalid UTF-8 in comment [-Winvalid-utf8]
        // <BA><AF><CA><FD><CC><E5>Ϊ<BF>գ<AC>Ŀ<B5><C4><CA><C7>Ϊ<C1><CB>ƭ<B9><FD><B1><E0><D2><EB><C6><F7><B2><BB><B1><A8><B4><ED>
                                    ^
main.c(42): warning: invalid UTF-8 in comment [-Winvalid-utf8]
        // <BA><AF><CA><FD><CC><E5>Ϊ<BF>գ<AC>Ŀ<B5><C4><CA><C7>Ϊ<C1><CB>ƭ<B9><FD><B1><E0><D2><EB><C6><F7><B2><BB><B1><A8><B4><ED>
                                         ^
main.c(42): warning: invalid UTF-8 in comment [-Winvalid-utf8]
        // <BA><AF><CA><FD><CC><E5>Ϊ<BF>գ<AC>Ŀ<B5><C4><CA><C7>Ϊ<C1><CB>ƭ<B9><FD><B1><E0><D2><EB><C6><F7><B2><BB><B1><A8><B4><ED>
                                              ^
main.c(42): warning: invalid UTF-8 in comment [-Winvalid-utf8]
        // <BA><AF><CA><FD><CC><E5>Ϊ<BF>գ<AC>Ŀ<B5><C4><CA><C7>Ϊ<C1><CB>ƭ<B9><FD><B1><E0><D2><EB><C6><F7><B2><BB><B1><A8><B4><ED>
                                                               ^
main.c(42): warning: invalid UTF-8 in comment [-Winvalid-utf8]
        // <BA><AF><CA><FD><CC><E5>Ϊ<BF>գ<AC>Ŀ<B5><C4><CA><C7>Ϊ<C1><CB>ƭ<B9><FD><B1><E0><D2><EB><C6><F7><B2><BB><B1><A8><B4><ED>
                                                                        ^
main.c(43): warning: no newline at end of file [-Wnewline-eof]
}
 ^
main.c(40): warning: no previous prototype for function 'SystemInit' [-Wmissing-prototypes]
void SystemInit(void)
     ^
main.c(40): note: declare 'static' if the function is not intended to be used outside of this translation unit
void SystemInit(void)
^
static 
57 warnings generated.
compiling main.c...
linking...
Program Size: Code=892 RO-data=320 RW-data=0 ZI-data=1632  
".\Objects\LED.axf" - 0 Error(s), 57 Warning(s).

<h2>Software Packages used:</h2>

Package Vendor: Keil
                http://www.keil.com/pack/Keil.STM32F1xx_DFP.2.4.0.pack
                Keil.STM32F1xx_DFP.2.4.0
                STMicroelectronics STM32F1 Series Device Support, Drivers and Examples

<h2>Collection of Component include folders:</h2>
  D:/study STM32/keiil 5/install/Keil/STM32F1xx_DFP/2.4.0/Device/Include

<h2>Collection of Component Files used:</h2>
Build Time Elapsed:  00:00:01
</pre>
</body>
</html>
