<html>
<body>
<pre>
<h1>µVision Build Log</h1>
<h2>Tool Versions:</h2>
IDE-Version: ¦ÌVision V5.38.0.0
Copyright (C) 2022 ARM Ltd and ARM Germany GmbH. All rights reserved.
License Information: dell,  , LIC=SDA0P-MYC9D-Y8WFK-ZTXTT-7DGA8-ZHKF0
 
Tool Versions:
Toolchain:       MDK-ARM Plus  Version: 5.38.0.0
Toolchain Path:  D:\study STM32\keiil 5\install\ARM\ARMCC\Bin
C Compiler:      Armcc.exe V5.06 update 7 (build 960)
Assembler:       Armasm.exe V5.06 update 7 (build 960)
Linker/Locator:  ArmLink.exe V5.06 update 7 (build 960)
Library Manager: ArmAr.exe V5.06 update 7 (build 960)
Hex Converter:   FromElf.exe V5.06 update 7 (build 960)
CPU DLL:         SARMCM3.DLL V5.38.0.0
Dialog DLL:      DCM.DLL V1.17.5.0
Target DLL:      CMSIS_AGDI.dll V1.33.15.0
Dialog DLL:      TCM.DLL V1.56.4.0
 
<h2>Project:</h2>
D:\study STM32\my project and exe\study_stm32\exe_SysTick\exe led with standard_lib\Project\LED_standard lab.uvprojx
Project File Date:  02/15/2023

<h2>Output:</h2>
*** Using Compiler 'V5.06 update 7 (build 960)', folder: 'D:\study STM32\keiil 5\install\ARM\ARMCC\Bin'
Rebuild target 'Target 1'
assembling startup_stm32f10x_hd.s...
compiling core_cm3.c...
compiling stm32f10x_dma.c...
compiling misc.c...
compiling system_stm32f10x.c...
compiling stm32f10x_dbgmcu.c...
compiling stm32f10x_crc.c...
compiling stm32f10x_bkp.c...
compiling stm32f10x_dac.c...
compiling stm32f10x_cec.c...
compiling stm32f10x_adc.c...
compiling stm32f10x_can.c...
compiling stm32f10x_exti.c...
compiling stm32f10x_iwdg.c...
compiling stm32f10x_pwr.c...
compiling stm32f10x_fsmc.c...
compiling stm32f10x_flash.c...
compiling stm32f10x_rtc.c...
compiling stm32f10x_gpio.c...
compiling stm32f10x_i2c.c...
compiling stm32f10x_spi.c...
compiling stm32f10x_rcc.c...
compiling stm32f10x_sdio.c...
compiling stm32f10x_tim.c...
compiling stm32f10x_usart.c...
compiling exti.c...
..\User\exti.h(36): warning:  #1-D: last line of file ends without a newline
  #endif
..\User\exti.c: 1 warning, 0 errors
compiling stm32f10x_wwdg.c...
compiling stm32f10x_it.c...
..\User\led.h(14): warning:  #1295-D: Deprecated declaration LED1 - give arg types
  void LED1();
..\User\led.h(15): warning:  #1295-D: Deprecated declaration LED2 - give arg types
  void LED2();
..\User\led.h(16): warning:  #1295-D: Deprecated declaration LED3 - give arg types
  void LED3();
..\User\led.h(17): warning:  #1295-D: Deprecated declaration CloseLED - give arg types
  void CloseLED();
..\User\led.h(40): warning:  #1-D: last line of file ends without a newline
  #endif
..\User\exti.h(36): warning:  #1-D: last line of file ends without a newline
  #endif
..\User\stm32f10x_it.c: 6 warnings, 0 errors
compiling main.c...
..\User\led.h(14): warning:  #1295-D: Deprecated declaration LED1 - give arg types
  void LED1();
..\User\led.h(15): warning:  #1295-D: Deprecated declaration LED2 - give arg types
  void LED2();
..\User\led.h(16): warning:  #1295-D: Deprecated declaration LED3 - give arg types
  void LED3();
..\User\led.h(17): warning:  #1295-D: Deprecated declaration CloseLED - give arg types
  void CloseLED();
..\User\led.h(40): warning:  #1-D: last line of file ends without a newline
  #endif
..\User\exti.h(36): warning:  #1-D: last line of file ends without a newline
  #endif
..\User\Systick.h(10): warning:  #1-D: last line of file ends without a newline
  #endif
..\User\main.c(32): warning:  #1-D: last line of file ends without a newline
  			 
..\User\main.c: 8 warnings, 0 errors
compiling Systick.c...
..\User\Systick.h(10): warning:  #1-D: last line of file ends without a newline
  #endif
..\User\Systick.c: 1 warning, 0 errors
compiling leld.c...
..\User\led.h(14): warning:  #1295-D: Deprecated declaration LED1 - give arg types
  void LED1();
..\User\led.h(15): warning:  #1295-D: Deprecated declaration LED2 - give arg types
  void LED2();
..\User\led.h(16): warning:  #1295-D: Deprecated declaration LED3 - give arg types
  void LED3();
..\User\led.h(17): warning:  #1295-D: Deprecated declaration CloseLED - give arg types
  void CloseLED();
..\User\led.h(40): warning:  #1-D: last line of file ends without a newline
  #endif
..\User\leld.c: 5 warnings, 0 errors
linking...
Program Size: Code=1012 RO-data=336 RW-data=24 ZI-data=1024  
".\Objects\LED_standard lab.axf" - 0 Error(s), 21 Warning(s).

<h2>Software Packages used:</h2>

Package Vendor: Keil
                http://www.keil.com/pack/Keil.STM32F1xx_DFP.2.4.0.pack
                Keil.STM32F1xx_DFP.2.4.0
                STMicroelectronics STM32F1 Series Device Support, Drivers and Examples

<h2>Collection of Component include folders:</h2>
  D:/study STM32/keiil 5/install/Keil/STM32F1xx_DFP/2.4.0/Device/Include

<h2>Collection of Component Files used:</h2>
Build Time Elapsed:  00:00:04
</pre>
</body>
</html>
